// Jest Snapshot v1, https://goo.gl/fbAQLP

exports[`HomeScreen debe mostrarse correctamente 1`] = `
<div>
  <h1>
    Home Screen
  </h1>
  <hr />
  <pre
    className="blockquote"
  />
</div>
`;
