// Jest Snapshot v1, https://goo.gl/fbAQLP

exports[`LoginScreen debe mostrarse correctamente 1`] = `
<div>
  <h1>
    Login Screen
  </h1>
  <hr />
  <button
    className="btn btn-outline-primary"
    onClick={[Function]}
    type="button"
  >
    Login
  </button>
  <pre
    className="blockquote"
  />
</div>
`;
