// Jest Snapshot v1, https://goo.gl/fbAQLP

exports[`Real Example Ref debe mostrar correctamente el componente  1`] = `
<div>
  <h1>
    RealExampleRef
  </h1>
  <hr />
  <button
    className="btn btn-outline-primary mt-2"
    onClick={[Function]}
  >
    Show / Hide
  </button>
</div>
`;
