// Jest Snapshot v1, https://goo.gl/fbAQLP

exports[`HookApp Debe mostrarse correctamente 1`] = `
<div>
  <h1>
    Hola mundo
  </h1>
</div>
`;
